#
# There is insufficient memory for the Java Runtime Environment to continue.
# Native memory allocation (mmap) failed to map 335544320 bytes. Error detail: G1 virtual space
# Possible reasons:
#   The system is out of physical RAM or swap space
#   This process is running with CompressedOops enabled, and the Java Heap may be blocking the growth of the native heap
# Possible solutions:
#   Reduce memory load on the system
#   Increase physical memory or swap space
#   Check if swap backing store is full
#   Decrease Java heap size (-Xmx/-Xms)
#   Decrease number of Java threads
#   Decrease Java thread stack sizes (-Xss)
#   Set larger code cache with -XX:ReservedCodeCacheSize=
#   JVM is running with Zero Based Compressed Oops mode in which the Java heap is
#     placed in the first 32GB address space. The Java Heap base address is the
#     maximum limit for the native heap growth. Please use -XX:HeapBaseMinAddress
#     to set the Java Heap base and to place the Java Heap above 32GB virtual address.
# This output file may be truncated or incomplete.
#
#  Out of Memory Error (os_windows.cpp:3828), pid=20400, tid=17824
#
# JRE version:  (21.0.5) (build )
# Java VM: OpenJDK 64-Bit Server VM (21.0.5+-12932927-b750.29, mixed mode, sharing, tiered, compressed oops, compressed class ptrs, g1 gc, windows-amd64)
# No core dump will be written. Minidumps are not enabled by default on client versions of Windows
#

---------------  S U M M A R Y ------------

Command Line: 

Host: AMD Ryzen 5 5600H with Radeon Graphics         , 12 cores, 19G,  Windows 11 , 64 bit Build 26100 (10.0.26100.7920)
Time: Tue Mar 17 03:58:38 2026 Türkiye Standart Saati elapsed time: 1.157305 seconds (0d 0h 0m 1s)

---------------  T H R E A D  ---------------

Current thread (0x000001dd80a83a90):  JavaThread "Unknown thread" [_thread_in_vm, id=17824, stack(0x000000c5c4a00000,0x000000c5c4b00000) (1024K)]

Stack: [0x000000c5c4a00000,0x000000c5c4b00000]
Native frames: (J=compiled Java code, j=interpreted, Vv=VM code, C=native code)
V  [jvm.dll+0x6cfb29]
V  [jvm.dll+0x85ded3]
V  [jvm.dll+0x86042e]
V  [jvm.dll+0x860b13]
V  [jvm.dll+0x27e6b6]
V  [jvm.dll+0x6cc385]
V  [jvm.dll+0x6c078a]
V  [jvm.dll+0x35525b]
V  [jvm.dll+0x35ceb6]
V  [jvm.dll+0x3aedd6]
V  [jvm.dll+0x3af0a8]
V  [jvm.dll+0x32792c]
V  [jvm.dll+0x32861b]
V  [jvm.dll+0x825919]
V  [jvm.dll+0x3bbfa8]
V  [jvm.dll+0x80ec88]
V  [jvm.dll+0x45015e]
V  [jvm.dll+0x4518c1]
C  [jli.dll+0x52ab]
C  [ucrtbase.dll+0x37b0]
C  [KERNEL32.DLL+0x2e8d7]
C  [ntdll.dll+0x8c48c]


---------------  P R O C E S S  ---------------

Threads class SMR info:
_java_thread_list=0x00007ffbbcf10808, length=0, elements={
}

Java Threads: ( => current thread )
Total: 0

Other Threads:
  0x000001dd82ecd7c0 WorkerThread "GC Thread#0"                     [id=24304, stack(0x000000c5c4b00000,0x000000c5c4c00000) (1024K)]
  0x000001dd82ed94b0 ConcurrentGCThread "G1 Main Marker"            [id=19316, stack(0x000000c5c4c00000,0x000000c5c4d00000) (1024K)]
  0x000001dd82edb770 WorkerThread "G1 Conc#0"                       [id=12252, stack(0x000000c5c4d00000,0x000000c5c4e00000) (1024K)]

[error occurred during error reporting (printing all threads), id 0xc0000005, EXCEPTION_ACCESS_VIOLATION (0xc0000005) at pc=0x00007ffbbc70a967]
VM state: not at safepoint (not fully initialized)

VM Mutex/Monitor currently owned by a thread:  ([mutex/lock_event])
[0x00007ffbbcf7d460] Heap_lock - owner thread: 0x000001dd80a83a90

Heap address: 0x00000006c2400000, size: 5084 MB, Compressed Oops mode: Zero based, Oop shift amount: 3

CDS archive(s) mapped at: [0x0000000000000000-0x0000000000000000-0x0000000000000000), size 0, SharedBaseAddress: 0x0000000800000000, ArchiveRelocationMode: 1.
Narrow klass base: 0x0000000000000000, Narrow klass shift: 0, Narrow klass range: 0x0

GC Precious Log:
 CardTable entry size: 512
 Card Set container configuration: InlinePtr #cards 4 size 8 Array Of Cards #cards 32 size 80 Howl #buckets 8 coarsen threshold 7372 Howl Bitmap #cards 1024 size 144 coarsen threshold 921 Card regions per heap region 1 cards per card region 8192

Heap:
 garbage-first heap   total 0K, used 0K [0x00000006c2400000, 0x0000000800000000)
  region size 4096K, 0 young (0K), 0 survivors (0K)
 Metaspace       used 0K, committed 0K, reserved 0K
  class space    used 0K, committed 0K, reserved 0K

Heap Regions: E=young(eden), S=young(survivor), O=old, HS=humongous(starts), HC=humongous(continues), CS=collection set, F=free, TAMS=top-at-mark-start, PB=parsable bottom

Card table byte_map: [0x000001dd95ef0000,0x000001dd968e0000] _byte_map_base: 0x000001dd928de000

Marking Bits: (CMBitMap*) 0x000001dd82ecdec0
 Bits: [0x000001dd968e0000, 0x000001dd9b850000)

GC Heap History (0 events):
No events

Dll operation events (1 events):
Event: 0.016 Loaded shared library C:\Program Files\Android\Android Studio\jbr\bin\java.dll

Deoptimization events (0 events):
No events

Classes loaded (0 events):
No events

Classes unloaded (0 events):
No events

Classes redefined (0 events):
No events

Internal exceptions (0 events):
No events

ZGC Phase Switch (0 events):
No events

VM Operations (0 events):
No events

Memory protections (0 events):
No events

Nmethod flushes (0 events):
No events

Events (0 events):
No events


Dynamic libraries:
0x00007ff7dcc50000 - 0x00007ff7dcc5a000 	C:\Program Files\Android\Android Studio\jbr\bin\java.EXE
0x00007ffc846c0000 - 0x00007ffc84927000 	C:\WINDOWS\SYSTEM32\ntdll.dll
0x00007ffc831f0000 - 0x00007ffc832b9000 	C:\WINDOWS\System32\KERNEL32.DLL
0x00007ffc81a50000 - 0x00007ffc81e41000 	C:\WINDOWS\System32\KERNELBASE.dll
0x00007ffc81f00000 - 0x00007ffc8204b000 	C:\WINDOWS\System32\ucrtbase.dll
0x00007ffc562e0000 - 0x00007ffc562fb000 	C:\Program Files\Android\Android Studio\jbr\bin\VCRUNTIME140.dll
0x00007ffc56300000 - 0x00007ffc56318000 	C:\Program Files\Android\Android Studio\jbr\bin\jli.dll
0x00007ffc82780000 - 0x00007ffc82945000 	C:\WINDOWS\System32\USER32.dll
0x00007ffc65d70000 - 0x00007ffc66003000 	C:\WINDOWS\WinSxS\amd64_microsoft.windows.common-controls_6595b64144ccf1df_6.0.26100.8037_none_3e092faae333b53b\COMCTL32.dll
0x00007ffc81a20000 - 0x00007ffc81a47000 	C:\WINDOWS\System32\win32u.dll
0x00007ffc832c0000 - 0x00007ffc83369000 	C:\WINDOWS\System32\msvcrt.dll
0x00007ffc83890000 - 0x00007ffc838bb000 	C:\WINDOWS\System32\GDI32.dll
0x00007ffc82050000 - 0x00007ffc8217b000 	C:\WINDOWS\System32\gdi32full.dll
0x00007ffc81e50000 - 0x00007ffc81ef3000 	C:\WINDOWS\System32\msvcp_win.dll
0x00007ffc84640000 - 0x00007ffc84671000 	C:\WINDOWS\System32\IMM32.DLL
0x00007ffc6b360000 - 0x00007ffc6b36c000 	C:\Program Files\Android\Android Studio\jbr\bin\vcruntime140_1.dll
0x00007ffc46d00000 - 0x00007ffc46d8d000 	C:\Program Files\Android\Android Studio\jbr\bin\msvcp140.dll
0x00007ffbbc3d0000 - 0x00007ffbbd05a000 	C:\Program Files\Android\Android Studio\jbr\bin\server\jvm.dll
0x00007ffc82520000 - 0x00007ffc825db000 	C:\WINDOWS\System32\ADVAPI32.dll
0x00007ffc83140000 - 0x00007ffc831e7000 	C:\WINDOWS\System32\sechost.dll
0x00007ffc84330000 - 0x00007ffc84448000 	C:\WINDOWS\System32\RPCRT4.dll
0x00007ffc82de0000 - 0x00007ffc82e54000 	C:\WINDOWS\System32\WS2_32.dll
0x00007ffc80e20000 - 0x00007ffc80e7e000 	C:\WINDOWS\SYSTEM32\POWRPROF.dll
0x00007ffc7a680000 - 0x00007ffc7a6b5000 	C:\WINDOWS\SYSTEM32\WINMM.dll
0x00007ffc7a6f0000 - 0x00007ffc7a6fb000 	C:\WINDOWS\SYSTEM32\VERSION.dll
0x00007ffc80e00000 - 0x00007ffc80e14000 	C:\WINDOWS\SYSTEM32\UMPDC.dll
0x00007ffc7fd00000 - 0x00007ffc7fd1b000 	C:\WINDOWS\SYSTEM32\kernel.appcore.dll
0x00007ffc51830000 - 0x00007ffc5183a000 	C:\Program Files\Android\Android Studio\jbr\bin\jimage.dll
0x00007ffc7f110000 - 0x00007ffc7f352000 	C:\WINDOWS\SYSTEM32\DBGHELP.DLL
0x00007ffc834e0000 - 0x00007ffc83862000 	C:\WINDOWS\System32\combase.dll
0x00007ffc83370000 - 0x00007ffc83447000 	C:\WINDOWS\System32\OLEAUT32.dll
0x00007ffc5a640000 - 0x00007ffc5a67b000 	C:\WINDOWS\SYSTEM32\dbgcore.DLL
0x00007ffc82180000 - 0x00007ffc82225000 	C:\WINDOWS\System32\bcryptPrimitives.dll
0x00007ffc47bf0000 - 0x00007ffc47c10000 	C:\Program Files\Android\Android Studio\jbr\bin\java.dll

dbghelp: loaded successfully - version: 4.0.5 - missing functions: none
symbol engine: initialized successfully - sym options: 0x614 - pdb path: .;C:\Program Files\Android\Android Studio\jbr\bin;C:\WINDOWS\SYSTEM32;C:\WINDOWS\WinSxS\amd64_microsoft.windows.common-controls_6595b64144ccf1df_6.0.26100.8037_none_3e092faae333b53b;C:\Program Files\Android\Android Studio\jbr\bin\server

VM Arguments:
java_command: <unknown>
java_class_path (initial): <not set>
Launcher Type: SUN_STANDARD

[Global flags]
     intx CICompilerCount                          = 4                                         {product} {ergonomic}
     uint ConcGCThreads                            = 3                                         {product} {ergonomic}
     uint G1ConcRefinementThreads                  = 10                                        {product} {ergonomic}
   size_t G1HeapRegionSize                         = 4194304                                   {product} {ergonomic}
    uintx GCDrainStackTargetSize                   = 64                                        {product} {ergonomic}
   size_t InitialHeapSize                          = 335544320                                 {product} {ergonomic}
   size_t MarkStackSize                            = 4194304                                   {product} {ergonomic}
   size_t MaxHeapSize                              = 5330960384                                {product} {ergonomic}
   size_t MinHeapDeltaBytes                        = 4194304                                   {product} {ergonomic}
   size_t MinHeapSize                              = 8388608                                   {product} {ergonomic}
    uintx NonNMethodCodeHeapSize                   = 5839372                                {pd product} {ergonomic}
    uintx NonProfiledCodeHeapSize                  = 122909434                              {pd product} {ergonomic}
    uintx ProfiledCodeHeapSize                     = 122909434                              {pd product} {ergonomic}
    uintx ReservedCodeCacheSize                    = 251658240                              {pd product} {ergonomic}
     bool SegmentedCodeCache                       = true                                      {product} {ergonomic}
   size_t SoftMaxHeapSize                          = 5330960384                             {manageable} {ergonomic}
     bool UseCompressedOops                        = true                           {product lp64_product} {ergonomic}
     bool UseG1GC                                  = true                                      {product} {ergonomic}
     bool UseLargePagesIndividualAllocation        = false                                  {pd product} {ergonomic}

Logging:
Log output configuration:
 #0: stdout all=warning uptime,level,tags foldmultilines=false
 #1: stderr all=off uptime,level,tags foldmultilines=false

Environment Variables:
PATH=C:\Users\semih\fvm\versions\3.32.0\bin\;C:\Python314\Scripts\;C:\Python314\;C:\Program Files\Common Files\Oracle\Java\javapath;C:\Program Files (x86)\Common Files\Oracle\Java\javapath;C:\Windows\system32;C:\Windows;C:\Windows\System32\Wbem;C:\Windows\System32\WindowsPowerShell\v1.0\;C:\Windows\System32\OpenSSH\;C:\Program Files (x86)\NVIDIA Corporation\PhysX\Common;C:\Program Files\NVIDIA Corporation\NVIDIA NvDLISR;C:\WINDOWS\system32;C:\WINDOWS;C:\WINDOWS\System32\Wbem;C:\WINDOWS\System32\WindowsPowerShell\v1.0\;C:\WINDOWS\System32\OpenSSH\;C:\Program Files\Go\bin;C:\Program Files\dotnet\;C:\Users\semih\AppData\Roaming\Microsoft\Windows\Start Menu\Programs\Python 3.8;C:\Users\semih\fvm\default\bin;C:\src\flutter\bin;C:\Program Files\MATLAB\R2025b\bin;C:\ProgramData\chocolatey\bin;C:\Program Files\nodejs\;C:\Program Files\Git\cmd;C:\Users\semih\fvm\versions\3.32.0\bin\;C:\Program Files\Common Files\Oracle\Java\javapath;C:\Program Files (x86)\Common Files\Oracle\Java\javapath;C:\Windows\system32;C:\Windows;C:\Windows\System32\Wbem;C:\Windows\System32\WindowsPowerShell\v1.0\;C:\Windows\System32\OpenSSH\;C:\Program Files (x86)\NVIDIA Corporation\PhysX\Common;C:\Program Files\NVIDIA Corporation\NVIDIA NvDLISR;C:\WINDOWS\system32;C:\WINDOWS;C:\WINDOWS\System32\Wbem;C:\WINDOWS\System32\WindowsPowerShell\v1.0\;C:\WINDOWS\System32\OpenSSH\;C:\Program Files\Go\bin;C:\Program Files\dotnet\;C:\Users\semih\AppData\Roaming\Microsoft\Windows\Start Menu\Programs\Python 3.8;C:\Program Files\Git\cmd;C:\Users\semih\fvm\default\bin;C:\src\flutter\bin;C:\Users\semih\AppData\Local\Microsoft\WindowsApps;C:\Users\semih\AppData\Local\Programs\Microsoft VS Code\bin;C:\Users\semih\go\bin;C:\Program Files\JetBrains\IntelliJ IDEA 2024.1.4\bin;C:\Users\semih\AppData\Local\GitHubDesktop\bin;C:\Program Files\JetBrains\IntelliJ IDEA Community Edition 2024.2\bin;C:\MinGW\bin;C:\Users\semih\.dotnet\tools;C:\Users\semih\AppData\Roaming\Microsoft\Windows\Start Menu\Programs\Python 3.8;C:\Users\semih\AppData\Local\Programs\cursor\resources\app\bin;C:\Program Files\Java\jdk-19\bin;C:\Users\semih\AppData\Roaming\npm;C:\Users\semih\AppData\Local\Android\Sdk\emulator;C:\Users\semih\AppData\Local\Android\Sdk\platform-tools;c:\Users\semih\.cursor\extensions\vscjava.vscode-java-debug-0.58.5-universal\bundled\scripts\noConfigScripts
USERNAME=semih
LANG=en_US.UTF-8
OS=Windows_NT
PROCESSOR_IDENTIFIER=AMD64 Family 25 Model 80 Stepping 0, AuthenticAMD
TMP=C:\Users\semih\AppData\Local\Temp
TEMP=C:\Users\semih\AppData\Local\Temp




Periodic native trim disabled

JNI global refs:
JNI global refs: 0, weak refs: 0

JNI global refs memory usage: 0, weak refs: 0

Process memory usage:
Resident Set Size: 12996K (0% of 20820028K total physical memory with 4996256K free physical memory)

OOME stack traces (most recent first):
Classloader memory used:

---------------  S Y S T E M  ---------------

OS:
 Windows 11 , 64 bit Build 26100 (10.0.26100.7920)
OS uptime: 0 days 1:22 hours
Hyper-V role detected

CPU: total 12 (initial active 12) (12 cores per cpu, 2 threads per core) family 25 model 80 stepping 0 microcode 0xa50000c, cx8, cmov, fxsr, ht, mmx, 3dnowpref, sse, sse2, sse3, ssse3, sse4a, sse4.1, sse4.2, popcnt, lzcnt, tsc, tscinvbit, avx, avx2, aes, erms, clmul, bmi1, bmi2, adx, sha, fma, vzeroupper, clflush, clflushopt, hv, rdtscp, rdpid, fsrm, f16c, cet_ss
Processor Information for processor 0
  Max Mhz: 3301, Current Mhz: 1908, Mhz Limit: 3301
Processor Information for processor 1
  Max Mhz: 3301, Current Mhz: 1805, Mhz Limit: 3301
Processor Information for processor 2
  Max Mhz: 3301, Current Mhz: 1908, Mhz Limit: 3301
Processor Information for processor 3
  Max Mhz: 3301, Current Mhz: 1908, Mhz Limit: 3301
Processor Information for processor 4
  Max Mhz: 3301, Current Mhz: 1908, Mhz Limit: 3301
Processor Information for processor 5
  Max Mhz: 3301, Current Mhz: 1908, Mhz Limit: 3301
Processor Information for processor 6
  Max Mhz: 3301, Current Mhz: 1805, Mhz Limit: 3301
Processor Information for processor 7
  Max Mhz: 3301, Current Mhz: 1908, Mhz Limit: 3301
Processor Information for processor 8
  Max Mhz: 3301, Current Mhz: 1805, Mhz Limit: 3301
Processor Information for processor 9
  Max Mhz: 3301, Current Mhz: 1805, Mhz Limit: 3301
Processor Information for processor 10
  Max Mhz: 3301, Current Mhz: 1805, Mhz Limit: 3301
Processor Information for processor 11
  Max Mhz: 3301, Current Mhz: 1805, Mhz Limit: 3301

Memory: 4k page, system-wide physical 20332M (4879M free)
TotalPageFile size 23769M (AvailPageFile size 2M)
current process WorkingSet (physical memory assigned to process): 12M, peak: 12M
current process commit charge ("private bytes"): 64M, peak: 384M

vm_info: OpenJDK 64-Bit Server VM (21.0.5+-12932927-b750.29) for windows-amd64 JRE (21.0.5+-12932927-b750.29), built on 2025-01-17T02:01:10Z by "builder" with MS VC++ 16.10 / 16.11 (VS2019)

END.
